mode: set
github.com/danarprastika/web-trade/services/control-plane/ledger/entry.go:46.35,49.2 2 1
github.com/danarprastika/web-trade/services/control-plane/ledger/entry.go:51.38,51.58 1 1
github.com/danarprastika/web-trade/services/control-plane/ledger/entry.go:66.33,69.2 2 1
github.com/danarprastika/web-trade/services/control-plane/ledger/entry.go:71.36,71.56 1 0
github.com/danarprastika/web-trade/services/control-plane/ledger/entry.go:75.41,76.16 1 1
github.com/danarprastika/web-trade/services/control-plane/ledger/entry.go:76.16,78.3 1 1
github.com/danarprastika/web-trade/services/control-plane/ledger/entry.go:79.2,79.14 1 1
github.com/danarprastika/web-trade/services/control-plane/ledger/entry.go:101.32,102.24 1 1
github.com/danarprastika/web-trade/services/control-plane/ledger/entry.go:102.24,104.3 1 1
github.com/danarprastika/web-trade/services/control-plane/ledger/entry.go:105.2,105.26 1 1
github.com/danarprastika/web-trade/services/control-plane/ledger/entry.go:105.26,107.3 1 0
github.com/danarprastika/web-trade/services/control-plane/ledger/entry.go:108.2,108.40 1 1
github.com/danarprastika/web-trade/services/control-plane/ledger/entry.go:108.40,110.3 1 0
github.com/danarprastika/web-trade/services/control-plane/ledger/entry.go:111.2,111.38 1 1
github.com/danarprastika/web-trade/services/control-plane/ledger/entry.go:111.38,113.3 1 0
github.com/danarprastika/web-trade/services/control-plane/ledger/entry.go:114.2,114.23 1 1
github.com/danarprastika/web-trade/services/control-plane/ledger/entry.go:114.23,116.3 1 1
github.com/danarprastika/web-trade/services/control-plane/ledger/entry.go:117.2,117.26 1 1
github.com/danarprastika/web-trade/services/control-plane/ledger/entry.go:117.26,120.3 1 1
github.com/danarprastika/web-trade/services/control-plane/ledger/entry.go:124.2,124.58 1 1
github.com/danarprastika/web-trade/services/control-plane/ledger/entry.go:124.58,127.3 1 1
github.com/danarprastika/web-trade/services/control-plane/ledger/entry.go:128.2,128.12 1 1
github.com/danarprastika/web-trade/services/control-plane/ledger/entry.go:132.42,133.26 1 1
github.com/danarprastika/web-trade/services/control-plane/ledger/entry.go:133.26,135.3 1 1
github.com/danarprastika/web-trade/services/control-plane/ledger/entry.go:136.2,136.23 1 1
github.com/danarprastika/web-trade/services/control-plane/ledger/entry.go:171.38,171.76 1 1
github.com/danarprastika/web-trade/services/control-plane/ledger/entry.go:176.33,177.24 1 1
github.com/danarprastika/web-trade/services/control-plane/ledger/entry.go:177.24,179.3 1 0
github.com/danarprastika/web-trade/services/control-plane/ledger/entry.go:180.2,180.50 1 1
github.com/danarprastika/web-trade/services/control-plane/ledger/entry.go:180.50,182.3 1 0
github.com/danarprastika/web-trade/services/control-plane/ledger/entry.go:185.2,185.25 1 1
github.com/danarprastika/web-trade/services/control-plane/ledger/entry.go:185.25,188.3 1 0
github.com/danarprastika/web-trade/services/control-plane/ledger/entry.go:189.2,189.32 1 1
github.com/danarprastika/web-trade/services/control-plane/ledger/entry.go:189.32,192.3 1 1
github.com/danarprastika/web-trade/services/control-plane/ledger/entry.go:193.2,193.59 1 1
github.com/danarprastika/web-trade/services/control-plane/ledger/entry.go:193.59,196.3 1 0
github.com/danarprastika/web-trade/services/control-plane/ledger/entry.go:197.2,197.30 1 1
github.com/danarprastika/web-trade/services/control-plane/ledger/entry.go:197.30,200.3 1 1
github.com/danarprastika/web-trade/services/control-plane/ledger/entry.go:201.2,201.47 1 1
github.com/danarprastika/web-trade/services/control-plane/ledger/entry.go:201.47,204.3 1 1
github.com/danarprastika/web-trade/services/control-plane/ledger/entry.go:205.2,205.22 1 1
github.com/danarprastika/web-trade/services/control-plane/ledger/entry.go:205.22,208.3 1 1
github.com/danarprastika/web-trade/services/control-plane/ledger/entry.go:209.2,209.31 1 1
github.com/danarprastika/web-trade/services/control-plane/ledger/entry.go:209.31,210.41 1 1
github.com/danarprastika/web-trade/services/control-plane/ledger/entry.go:210.41,212.4 1 1
github.com/danarprastika/web-trade/services/control-plane/ledger/entry.go:216.2,216.9 1 1
github.com/danarprastika/web-trade/services/control-plane/ledger/entry.go:217.63,219.71 1 1
github.com/danarprastika/web-trade/services/control-plane/ledger/entry.go:220.64,223.24 1 1
github.com/danarprastika/web-trade/services/control-plane/ledger/entry.go:226.2,226.26 1 1
github.com/danarprastika/web-trade/services/control-plane/ledger/entry.go:237.38,242.31 4 1
github.com/danarprastika/web-trade/services/control-plane/ledger/entry.go:242.31,245.30 3 1
github.com/danarprastika/web-trade/services/control-plane/ledger/entry.go:245.30,247.4 1 1
github.com/danarprastika/web-trade/services/control-plane/ledger/entry.go:251.3,251.37 1 1
github.com/danarprastika/web-trade/services/control-plane/ledger/entry.go:251.37,253.4 1 1
github.com/danarprastika/web-trade/services/control-plane/ledger/entry.go:254.3,255.17 2 1
github.com/danarprastika/web-trade/services/control-plane/ledger/entry.go:255.17,257.4 1 0
github.com/danarprastika/web-trade/services/control-plane/ledger/entry.go:258.3,258.25 1 1
github.com/danarprastika/web-trade/services/control-plane/ledger/entry.go:261.2,262.28 2 1
github.com/danarprastika/web-trade/services/control-plane/ledger/entry.go:262.28,264.3 1 1
github.com/danarprastika/web-trade/services/control-plane/ledger/entry.go:268.2,270.30 2 1
github.com/danarprastika/web-trade/services/control-plane/ledger/entry.go:270.30,273.11 3 1
github.com/danarprastika/web-trade/services/control-plane/ledger/entry.go:273.11,275.4 1 0
github.com/danarprastika/web-trade/services/control-plane/ledger/entry.go:276.3,276.11 1 1
github.com/danarprastika/web-trade/services/control-plane/ledger/entry.go:276.11,278.4 1 0
github.com/danarprastika/web-trade/services/control-plane/ledger/entry.go:279.3,280.17 2 1
github.com/danarprastika/web-trade/services/control-plane/ledger/entry.go:280.17,282.4 1 0
github.com/danarprastika/web-trade/services/control-plane/ledger/entry.go:283.3,283.15 1 1
github.com/danarprastika/web-trade/services/control-plane/ledger/entry.go:283.15,285.18 2 1
github.com/danarprastika/web-trade/services/control-plane/ledger/entry.go:285.18,287.5 1 0
github.com/danarprastika/web-trade/services/control-plane/ledger/entry.go:288.4,290.79 1 1
github.com/danarprastika/web-trade/services/control-plane/ledger/entry.go:293.2,293.12 1 1
github.com/danarprastika/web-trade/services/control-plane/ledger/entry.go:299.39,301.31 2 1
github.com/danarprastika/web-trade/services/control-plane/ledger/entry.go:301.31,304.3 2 1
github.com/danarprastika/web-trade/services/control-plane/ledger/entry.go:305.2,305.12 1 1
github.com/danarprastika/web-trade/services/control-plane/ledger/entry.go:309.34,311.31 2 0
github.com/danarprastika/web-trade/services/control-plane/ledger/entry.go:311.31,313.3 1 0
github.com/danarprastika/web-trade/services/control-plane/ledger/entry.go:314.2,315.22 2 0
github.com/danarprastika/web-trade/services/control-plane/ledger/entry.go:315.22,317.3 1 0
github.com/danarprastika/web-trade/services/control-plane/ledger/entry.go:318.2,319.12 2 0
github.com/danarprastika/web-trade/services/control-plane/ledger/entry.go:324.82,327.31 3 0
github.com/danarprastika/web-trade/services/control-plane/ledger/entry.go:327.31,328.53 1 0
github.com/danarprastika/web-trade/services/control-plane/ledger/entry.go:328.53,329.12 1 0
github.com/danarprastika/web-trade/services/control-plane/ledger/entry.go:331.3,333.17 3 0
github.com/danarprastika/web-trade/services/control-plane/ledger/entry.go:333.17,335.4 1 0
github.com/danarprastika/web-trade/services/control-plane/ledger/entry.go:336.3,336.14 1 0
github.com/danarprastika/web-trade/services/control-plane/ledger/entry.go:338.2,338.12 1 0
github.com/danarprastika/web-trade/services/control-plane/ledger/entry.go:338.12,341.3 1 0
github.com/danarprastika/web-trade/services/control-plane/ledger/entry.go:342.2,342.19 1 0
github.com/danarprastika/web-trade/services/control-plane/ledger/entry.go:345.32,349.2 1 0
github.com/danarprastika/web-trade/services/control-plane/ledger/entry.go:351.39,352.25 1 0
github.com/danarprastika/web-trade/services/control-plane/ledger/entry.go:352.25,354.3 1 0
github.com/danarprastika/web-trade/services/control-plane/ledger/entry.go:355.2,355.75 1 0
github.com/danarprastika/web-trade/services/control-plane/ledger/error.go:28.35,28.85 1 1
github.com/danarprastika/web-trade/services/control-plane/ledger/error.go:31.35,31.53 1 0
github.com/danarprastika/web-trade/services/control-plane/ledger/error.go:33.77,35.2 1 1
github.com/danarprastika/web-trade/services/control-plane/ledger/fill.go:23.28,26.2 2 1
github.com/danarprastika/web-trade/services/control-plane/ledger/fill.go:28.31,28.51 1 0
github.com/danarprastika/web-trade/services/control-plane/ledger/fill.go:78.32,79.24 1 1
github.com/danarprastika/web-trade/services/control-plane/ledger/fill.go:79.24,82.3 1 0
github.com/danarprastika/web-trade/services/control-plane/ledger/fill.go:83.2,83.49 1 1
github.com/danarprastika/web-trade/services/control-plane/ledger/fill.go:83.49,85.3 1 0
github.com/danarprastika/web-trade/services/control-plane/ledger/fill.go:86.2,86.43 1 1
github.com/danarprastika/web-trade/services/control-plane/ledger/fill.go:86.43,88.3 1 0
github.com/danarprastika/web-trade/services/control-plane/ledger/fill.go:89.2,89.21 1 1
github.com/danarprastika/web-trade/services/control-plane/ledger/fill.go:89.21,91.3 1 0
github.com/danarprastika/web-trade/services/control-plane/ledger/fill.go:92.2,92.51 1 1
github.com/danarprastika/web-trade/services/control-plane/ledger/fill.go:92.51,94.3 1 1
github.com/danarprastika/web-trade/services/control-plane/ledger/fill.go:95.2,95.45 1 1
github.com/danarprastika/web-trade/services/control-plane/ledger/fill.go:95.45,97.3 1 0
github.com/danarprastika/web-trade/services/control-plane/ledger/fill.go:98.2,98.46 1 1
github.com/danarprastika/web-trade/services/control-plane/ledger/fill.go:98.46,100.3 1 0
github.com/danarprastika/web-trade/services/control-plane/ledger/fill.go:101.2,101.20 1 1
github.com/danarprastika/web-trade/services/control-plane/ledger/fill.go:101.20,104.3 1 0
github.com/danarprastika/web-trade/services/control-plane/ledger/fill.go:105.2,105.22 1 1
github.com/danarprastika/web-trade/services/control-plane/ledger/fill.go:105.22,107.3 1 0
github.com/danarprastika/web-trade/services/control-plane/ledger/fill.go:108.2,109.57 2 1
github.com/danarprastika/web-trade/services/control-plane/ledger/fill.go:109.57,112.3 1 1
github.com/danarprastika/web-trade/services/control-plane/ledger/fill.go:113.2,113.58 1 1
github.com/danarprastika/web-trade/services/control-plane/ledger/fill.go:113.58,115.3 1 1
github.com/danarprastika/web-trade/services/control-plane/ledger/fill.go:116.2,116.42 1 1
github.com/danarprastika/web-trade/services/control-plane/ledger/fill.go:116.42,118.3 1 0
github.com/danarprastika/web-trade/services/control-plane/ledger/fill.go:119.2,119.38 1 1
github.com/danarprastika/web-trade/services/control-plane/ledger/fill.go:119.38,122.3 1 1
github.com/danarprastika/web-trade/services/control-plane/ledger/fill.go:123.2,123.47 1 1
github.com/danarprastika/web-trade/services/control-plane/ledger/fill.go:123.47,125.3 1 1
github.com/danarprastika/web-trade/services/control-plane/ledger/fill.go:126.2,126.32 1 1
github.com/danarprastika/web-trade/services/control-plane/ledger/fill.go:126.32,128.3 1 0
github.com/danarprastika/web-trade/services/control-plane/ledger/fill.go:129.2,129.59 1 1
github.com/danarprastika/web-trade/services/control-plane/ledger/fill.go:129.59,132.3 1 0
github.com/danarprastika/web-trade/services/control-plane/ledger/fill.go:133.2,133.30 1 1
github.com/danarprastika/web-trade/services/control-plane/ledger/fill.go:133.30,135.3 1 0
github.com/danarprastika/web-trade/services/control-plane/ledger/fill.go:136.2,136.47 1 1
github.com/danarprastika/web-trade/services/control-plane/ledger/fill.go:136.47,139.3 1 1
github.com/danarprastika/web-trade/services/control-plane/ledger/fill.go:140.2,140.12 1 1
github.com/danarprastika/web-trade/services/control-plane/ledger/fill.go:143.42,144.27 1 1
github.com/danarprastika/web-trade/services/control-plane/ledger/fill.go:144.27,147.3 1 1
github.com/danarprastika/web-trade/services/control-plane/ledger/fill.go:148.2,148.12 1 1
github.com/danarprastika/web-trade/services/control-plane/ledger/fill.go:152.53,154.2 1 1
github.com/danarprastika/web-trade/services/control-plane/ledger/fill.go:167.104,168.37 1 1
github.com/danarprastika/web-trade/services/control-plane/ledger/fill.go:168.37,170.3 1 1
github.com/danarprastika/web-trade/services/control-plane/ledger/fill.go:171.2,171.68 1 1
github.com/danarprastika/web-trade/services/control-plane/ledger/fill.go:171.68,174.3 1 0
github.com/danarprastika/web-trade/services/control-plane/ledger/fill.go:176.2,177.16 2 1
github.com/danarprastika/web-trade/services/control-plane/ledger/fill.go:177.16,180.3 1 0
github.com/danarprastika/web-trade/services/control-plane/ledger/fill.go:183.2,184.24 2 1
github.com/danarprastika/web-trade/services/control-plane/ledger/fill.go:184.24,186.3 1 1
github.com/danarprastika/web-trade/services/control-plane/ledger/fill.go:188.2,199.21 2 1
github.com/danarprastika/web-trade/services/control-plane/ledger/fill.go:199.21,209.3 1 1
github.com/danarprastika/web-trade/services/control-plane/ledger/fill.go:211.2,221.41 2 1
github.com/danarprastika/web-trade/services/control-plane/ledger/fill.go:221.41,224.3 1 0
github.com/danarprastika/web-trade/services/control-plane/ledger/fill.go:225.2,225.19 1 1
github.com/danarprastika/web-trade/services/control-plane/ledger/projection.go:15.70,17.2 1 1
github.com/danarprastika/web-trade/services/control-plane/ledger/projection.go:21.82,23.2 1 0
github.com/danarprastika/web-trade/services/control-plane/ledger/projection.go:30.81,32.16 2 1
github.com/danarprastika/web-trade/services/control-plane/ledger/projection.go:32.16,34.3 1 0
github.com/danarprastika/web-trade/services/control-plane/ledger/projection.go:35.2,36.16 2 1
github.com/danarprastika/web-trade/services/control-plane/ledger/projection.go:36.16,38.3 1 0
github.com/danarprastika/web-trade/services/control-plane/ledger/projection.go:39.2,40.27 2 1
github.com/danarprastika/web-trade/services/control-plane/ledger/projection.go:40.27,41.78 1 1
github.com/danarprastika/web-trade/services/control-plane/ledger/projection.go:41.78,42.12 1 1
github.com/danarprastika/web-trade/services/control-plane/ledger/projection.go:44.3,44.26 1 1
github.com/danarprastika/web-trade/services/control-plane/ledger/projection.go:46.2,46.17 1 1
github.com/danarprastika/web-trade/services/control-plane/ledger/projection.go:49.99,51.16 2 1
github.com/danarprastika/web-trade/services/control-plane/ledger/projection.go:51.16,53.3 1 0
github.com/danarprastika/web-trade/services/control-plane/ledger/projection.go:54.2,55.16 2 1
github.com/danarprastika/web-trade/services/control-plane/ledger/projection.go:55.16,57.3 1 0
github.com/danarprastika/web-trade/services/control-plane/ledger/projection.go:58.2,59.30 2 1
github.com/danarprastika/web-trade/services/control-plane/ledger/projection.go:59.30,61.3 1 1
github.com/danarprastika/web-trade/services/control-plane/ledger/projection.go:64.2,64.30 1 0
github.com/danarprastika/web-trade/services/control-plane/ledger/projection.go:85.97,86.31 1 1
github.com/danarprastika/web-trade/services/control-plane/ledger/projection.go:86.31,87.71 1 1
github.com/danarprastika/web-trade/services/control-plane/ledger/projection.go:87.71,89.4 1 1
github.com/danarprastika/web-trade/services/control-plane/ledger/projection.go:91.2,91.32 1 0
github.com/danarprastika/web-trade/services/control-plane/ledger/projection.go:95.65,98.2 2 1
github.com/danarprastika/web-trade/services/control-plane/ledger/projection.go:101.35,103.31 2 0
github.com/danarprastika/web-trade/services/control-plane/ledger/projection.go:103.31,105.3 1 0
github.com/danarprastika/web-trade/services/control-plane/ledger/projection.go:106.2,106.84 1 0
github.com/danarprastika/web-trade/services/control-plane/ledger/projection.go:115.53,117.16 2 1
github.com/danarprastika/web-trade/services/control-plane/ledger/projection.go:117.16,119.3 1 0
github.com/danarprastika/web-trade/services/control-plane/ledger/projection.go:120.2,121.16 2 1
github.com/danarprastika/web-trade/services/control-plane/ledger/projection.go:121.16,123.3 1 0
github.com/danarprastika/web-trade/services/control-plane/ledger/projection.go:124.2,125.27 2 1
github.com/danarprastika/web-trade/services/control-plane/ledger/projection.go:125.27,126.24 1 1
github.com/danarprastika/web-trade/services/control-plane/ledger/projection.go:126.24,127.12 1 0
github.com/danarprastika/web-trade/services/control-plane/ledger/projection.go:129.3,129.23 1 1
github.com/danarprastika/web-trade/services/control-plane/ledger/projection.go:131.2,131.38 1 1
github.com/danarprastika/web-trade/services/control-plane/ledger/projection.go:131.38,132.39 1 1
github.com/danarprastika/web-trade/services/control-plane/ledger/projection.go:132.39,134.4 1 1
github.com/danarprastika/web-trade/services/control-plane/ledger/projection.go:135.3,135.39 1 1
github.com/danarprastika/web-trade/services/control-plane/ledger/projection.go:135.39,137.4 1 0
github.com/danarprastika/web-trade/services/control-plane/ledger/projection.go:138.3,138.37 1 1
github.com/danarprastika/web-trade/services/control-plane/ledger/projection.go:141.2,142.22 2 1
github.com/danarprastika/web-trade/services/control-plane/ledger/projection.go:142.22,144.3 1 1
github.com/danarprastika/web-trade/services/control-plane/ledger/projection.go:145.2,145.75 1 1
github.com/danarprastika/web-trade/services/control-plane/ledger/projection.go:157.95,159.16 2 1
github.com/danarprastika/web-trade/services/control-plane/ledger/projection.go:159.16,161.3 1 0
github.com/danarprastika/web-trade/services/control-plane/ledger/projection.go:162.2,163.16 2 1
github.com/danarprastika/web-trade/services/control-plane/ledger/projection.go:163.16,165.3 1 0
github.com/danarprastika/web-trade/services/control-plane/ledger/projection.go:170.2,171.35 2 1
github.com/danarprastika/web-trade/services/control-plane/ledger/projection.go:171.35,173.3 1 1
github.com/danarprastika/web-trade/services/control-plane/ledger/projection.go:174.2,174.27 1 1
github.com/danarprastika/web-trade/services/control-plane/ledger/projection.go:174.27,175.35 1 1
github.com/danarprastika/web-trade/services/control-plane/ledger/projection.go:175.35,177.4 1 1
github.com/danarprastika/web-trade/services/control-plane/ledger/projection.go:180.2,181.38 2 1
github.com/danarprastika/web-trade/services/control-plane/ledger/projection.go:181.38,183.3 1 1
github.com/danarprastika/web-trade/services/control-plane/ledger/projection.go:184.2,187.35 3 1
github.com/danarprastika/web-trade/services/control-plane/ledger/projection.go:187.35,190.31 3 1
github.com/danarprastika/web-trade/services/control-plane/ledger/projection.go:190.31,192.4 1 1
github.com/danarprastika/web-trade/services/control-plane/ledger/projection.go:193.3,194.20 2 1
github.com/danarprastika/web-trade/services/control-plane/ledger/projection.go:194.20,196.4 1 1
github.com/danarprastika/web-trade/services/control-plane/ledger/projection.go:197.3,198.17 2 1
github.com/danarprastika/web-trade/services/control-plane/ledger/projection.go:198.17,201.4 1 0
github.com/danarprastika/web-trade/services/control-plane/ledger/projection.go:202.3,202.15 1 1
github.com/danarprastika/web-trade/services/control-plane/ledger/projection.go:202.15,204.18 2 1
github.com/danarprastika/web-trade/services/control-plane/ledger/projection.go:204.18,207.5 1 0
github.com/danarprastika/web-trade/services/control-plane/ledger/projection.go:208.4,214.6 1 1
github.com/danarprastika/web-trade/services/control-plane/ledger/projection.go:217.2,217.25 1 1
github.com/danarprastika/web-trade/services/control-plane/ledger/projection.go:234.37,237.2 1 0
github.com/danarprastika/web-trade/services/control-plane/ledger/projection.go:244.31,246.34 2 0
github.com/danarprastika/web-trade/services/control-plane/ledger/projection.go:246.34,248.3 1 0
github.com/danarprastika/web-trade/services/control-plane/ledger/projection.go:249.2,249.93 1 0
github.com/danarprastika/web-trade/services/control-plane/ledger/projection.go:254.31,254.57 1 0
github.com/danarprastika/web-trade/services/control-plane/ledger/projection.go:262.56,263.27 1 1
github.com/danarprastika/web-trade/services/control-plane/ledger/projection.go:263.27,265.3 1 1
github.com/danarprastika/web-trade/services/control-plane/ledger/projection.go:266.2,266.40 1 1
github.com/danarprastika/web-trade/services/control-plane/ledger/store.go:81.36,87.2 1 1
github.com/danarprastika/web-trade/services/control-plane/ledger/store.go:96.58,100.41 3 1
github.com/danarprastika/web-trade/services/control-plane/ledger/store.go:100.41,103.3 1 1
github.com/danarprastika/web-trade/services/control-plane/ledger/store.go:108.2,108.64 1 1
github.com/danarprastika/web-trade/services/control-plane/ledger/store.go:108.64,110.3 1 1
github.com/danarprastika/web-trade/services/control-plane/ledger/store.go:112.2,112.57 1 1
github.com/danarprastika/web-trade/services/control-plane/ledger/store.go:112.57,116.3 1 1
github.com/danarprastika/web-trade/services/control-plane/ledger/store.go:118.2,118.28 1 1
github.com/danarprastika/web-trade/services/control-plane/ledger/store.go:118.28,119.57 1 1
github.com/danarprastika/web-trade/services/control-plane/ledger/store.go:119.57,121.4 1 1
github.com/danarprastika/web-trade/services/control-plane/ledger/store.go:124.2,130.28 6 1
github.com/danarprastika/web-trade/services/control-plane/ledger/store.go:130.28,132.3 1 1
github.com/danarprastika/web-trade/services/control-plane/ledger/store.go:133.2,133.19 1 1
github.com/danarprastika/web-trade/services/control-plane/ledger/store.go:138.65,140.9 2 1
github.com/danarprastika/web-trade/services/control-plane/ledger/store.go:140.9,145.3 1 0
github.com/danarprastika/web-trade/services/control-plane/ledger/store.go:146.2,146.29 1 1
github.com/danarprastika/web-trade/services/control-plane/ledger/store.go:146.29,152.3 1 1
github.com/danarprastika/web-trade/services/control-plane/ledger/store.go:153.2,153.78 1 1
github.com/danarprastika/web-trade/services/control-plane/ledger/store.go:153.78,158.3 1 1
github.com/danarprastika/web-trade/services/control-plane/ledger/store.go:162.2,162.29 1 1
github.com/danarprastika/web-trade/services/control-plane/ledger/store.go:162.29,167.3 1 1
github.com/danarprastika/web-trade/services/control-plane/ledger/store.go:168.2,168.12 1 1
github.com/danarprastika/web-trade/services/control-plane/ledger/store.go:180.45,181.48 1 1
github.com/danarprastika/web-trade/services/control-plane/ledger/store.go:181.48,183.3 1 0
github.com/danarprastika/web-trade/services/control-plane/ledger/store.go:184.2,185.36 2 1
github.com/danarprastika/web-trade/services/control-plane/ledger/store.go:185.36,188.3 1 1
github.com/danarprastika/web-trade/services/control-plane/ledger/store.go:189.2,190.40 2 1
github.com/danarprastika/web-trade/services/control-plane/ledger/store.go:190.40,193.3 1 1
github.com/danarprastika/web-trade/services/control-plane/ledger/store.go:194.2,196.24 3 1
github.com/danarprastika/web-trade/services/control-plane/ledger/store.go:196.24,197.26 1 1
github.com/danarprastika/web-trade/services/control-plane/ledger/store.go:197.26,199.4 1 1
github.com/danarprastika/web-trade/services/control-plane/ledger/store.go:201.2,201.13 1 1
github.com/danarprastika/web-trade/services/control-plane/ledger/store.go:207.118,209.2 1 1
github.com/danarprastika/web-trade/services/control-plane/ledger/store.go:211.37,213.2 1 1
github.com/danarprastika/web-trade/services/control-plane/ledger/store.go:215.54,217.2 1 1
github.com/danarprastika/web-trade/services/control-plane/ledger/store.go:220.67,224.9 4 1
github.com/danarprastika/web-trade/services/control-plane/ledger/store.go:224.9,230.3 1 1
github.com/danarprastika/web-trade/services/control-plane/ledger/store.go:231.2,231.19 1 1
github.com/danarprastika/web-trade/services/control-plane/ledger/store.go:235.61,239.32 4 1
github.com/danarprastika/web-trade/services/control-plane/ledger/store.go:239.32,240.52 1 1
github.com/danarprastika/web-trade/services/control-plane/ledger/store.go:240.52,241.9 1 1
github.com/danarprastika/web-trade/services/control-plane/ledger/store.go:248.3,249.27 2 1
github.com/danarprastika/web-trade/services/control-plane/ledger/store.go:251.2,251.17 1 1
github.com/danarprastika/web-trade/services/control-plane/ledger/store.go:255.42,259.2 3 1
github.com/danarprastika/web-trade/services/control-plane/ledger/store.go:271.125,273.16 2 1
github.com/danarprastika/web-trade/services/control-plane/ledger/store.go:273.16,275.3 1 1
github.com/danarprastika/web-trade/services/control-plane/ledger/store.go:276.2,286.24 2 1
github.com/danarprastika/web-trade/services/control-plane/ledger/store.go:313.36,315.16 2 1
github.com/danarprastika/web-trade/services/control-plane/ledger/store.go:315.16,317.3 1 0
github.com/danarprastika/web-trade/services/control-plane/ledger/store.go:318.2,318.32 1 1
github.com/danarprastika/web-trade/services/control-plane/ledger/store.go:318.32,319.47 1 1
github.com/danarprastika/web-trade/services/control-plane/ledger/store.go:319.47,322.4 1 0
github.com/danarprastika/web-trade/services/control-plane/ledger/store.go:324.2,324.12 1 1
github.com/danarprastika/web-trade/services/control-plane/ledger/store.go:330.38,332.16 2 1
github.com/danarprastika/web-trade/services/control-plane/ledger/store.go:332.16,334.3 1 0
github.com/danarprastika/web-trade/services/control-plane/ledger/store.go:335.2,336.32 2 1
github.com/danarprastika/web-trade/services/control-plane/ledger/store.go:336.32,337.33 1 1
github.com/danarprastika/web-trade/services/control-plane/ledger/store.go:337.33,342.4 1 0
github.com/danarprastika/web-trade/services/control-plane/ledger/store.go:343.3,343.35 1 1
github.com/danarprastika/web-trade/services/control-plane/ledger/store.go:343.35,346.4 1 0
github.com/danarprastika/web-trade/services/control-plane/ledger/store.go:347.3,347.38 1 1
github.com/danarprastika/web-trade/services/control-plane/ledger/store.go:349.2,349.12 1 1
github.com/danarprastika/web-trade/services/control-plane/ledger/store.go:362.41,364.2 1 0
github.com/danarprastika/web-trade/services/control-plane/ledger/store.go:369.67,371.32 2 1
github.com/danarprastika/web-trade/services/control-plane/ledger/store.go:371.32,372.36 1 1
github.com/danarprastika/web-trade/services/control-plane/ledger/store.go:372.36,375.11 3 1
github.com/danarprastika/web-trade/services/control-plane/ledger/store.go:375.11,380.5 1 1
github.com/danarprastika/web-trade/services/control-plane/ledger/store.go:381.4,382.18 2 1
github.com/danarprastika/web-trade/services/control-plane/ledger/store.go:382.18,385.5 1 0
github.com/danarprastika/web-trade/services/control-plane/ledger/store.go:386.4,387.23 2 1
github.com/danarprastika/web-trade/services/control-plane/ledger/store.go:390.2,390.17 1 1
github.com/danarprastika/web-trade/services/control-plane/ledger/store.go:394.50,396.16 2 1
github.com/danarprastika/web-trade/services/control-plane/ledger/store.go:396.16,398.3 1 0
github.com/danarprastika/web-trade/services/control-plane/ledger/store.go:399.2,400.16 2 1
github.com/danarprastika/web-trade/services/control-plane/ledger/store.go:400.16,402.3 1 0
github.com/danarprastika/web-trade/services/control-plane/ledger/store.go:403.2,404.27 2 1
github.com/danarprastika/web-trade/services/control-plane/ledger/store.go:404.27,408.24 1 1
github.com/danarprastika/web-trade/services/control-plane/ledger/store.go:408.24,409.12 1 0
github.com/danarprastika/web-trade/services/control-plane/ledger/store.go:411.3,411.23 1 1
github.com/danarprastika/web-trade/services/control-plane/ledger/store.go:413.2,413.38 1 1
github.com/danarprastika/web-trade/services/control-plane/ledger/store.go:413.38,414.39 1 1
github.com/danarprastika/web-trade/services/control-plane/ledger/store.go:414.39,416.4 1 1
github.com/danarprastika/web-trade/services/control-plane/ledger/store.go:417.3,417.39 1 1
github.com/danarprastika/web-trade/services/control-plane/ledger/store.go:417.39,419.4 1 0
github.com/danarprastika/web-trade/services/control-plane/ledger/store.go:420.3,420.37 1 1
github.com/danarprastika/web-trade/services/control-plane/ledger/store.go:422.2,422.17 1 1
